[    0.000000] Linux version 4.15.0-88-generic (buildd@lgw01-amd64-036) (gcc version 7.4.0 (Ubuntu 7.4.0-1ubuntu1~18.04.1)) #88-Ubuntu SMP Tue Feb 11 20:11:34 UTC 2020 (Ubuntu 4.15.0-88.88-generic 4.15.18)
[    0.000000] Command line: BOOT_IMAGE=/boot/vmlinuz-4.15.0-88-generic root=LABEL=cloudimg-rootfs ro console=tty1 console=ttyS0
[    0.000000] KERNEL supported cpus:
[    0.000000]   Intel GenuineIntel
[    0.000000]   AMD AuthenticAMD
[    0.000000]   Centaur CentaurHauls
[    0.000000] x86/fpu: Supporting XSAVE feature 0x001: 'x87 floating point registers'
[    0.000000] x86/fpu: Supporting XSAVE feature 0x002: 'SSE registers'
[    0.000000] x86/fpu: Supporting XSAVE feature 0x004: 'AVX registers'
[    0.000000] x86/fpu: xstate_offset[2]:  576, xstate_sizes[2]:  256
[    0.000000] x86/fpu: Enabled xstate features 0x7, context size is 832 bytes, using 'standard' format.
[    0.000000] e820: BIOS-provided physical RAM map:
[    0.000000] BIOS-e820: [mem 0x0000000000000000-0x000000000009fbff] usable
[    0.000000] BIOS-e820: [mem 0x000000000009fc00-0x000000000009ffff] reserved
[    0.000000] BIOS-e820: [mem 0x00000000000f0000-0x00000000000fffff] reserved
[    0.000000] BIOS-e820: [mem 0x0000000000100000-0x000000003ffeffff] usable
[    0.000000] BIOS-e820: [mem 0x000000003fff0000-0x000000003fffffff] ACPI data
[    0.000000] BIOS-e820: [mem 0x00000000fec00000-0x00000000fec00fff] reserved
[    0.000000] BIOS-e820: [mem 0x00000000fee00000-0x00000000fee00fff] reserved
[    0.000000] BIOS-e820: [mem 0x00000000fffc0000-0x00000000ffffffff] reserved
[    0.000000] NX (Execute Disable) protection: active
[    0.000000] SMBIOS 2.5 present.
[    0.000000] DMI: innotek GmbH VirtualBox/VirtualBox, BIOS VirtualBox 12/01/2006
[    0.000000] Hypervisor detected: KVM
[    0.000000] e820: last_pfn = 0x3fff0 max_arch_pfn = 0x400000000
[    0.000000] MTRR: Disabled
[    0.000000] x86/PAT: MTRRs disabled, skipping PAT initialization too.
[    0.000000] CPU MTRRs all blank - virtualized system.
[    0.000000] x86/PAT: Configuration [0-7]: WB  WT  UC- UC  WB  WT  UC- UC  
[    0.000000] found SMP MP-table at [mem 0x0009fff0-0x0009ffff]
[    0.000000] Scanning 1 areas for low memory corruption
[    0.000000] RAMDISK: [mem 0x35a6d000-0x36d2dfff]
[    0.000000] ACPI: Early table checksum verification disabled
[    0.000000] ACPI: RSDP 0x00000000000E0000 000024 (v02 VBOX  )
[    0.000000] ACPI: XSDT 0x000000003FFF0030 00003C (v01 VBOX   VBOXXSDT 00000001 ASL  00000061)
[    0.000000] ACPI: FACP 0x000000003FFF00F0 0000F4 (v04 VBOX   VBOXFACP 00000001 ASL  00000061)
[    0.000000] ACPI: DSDT 0x000000003FFF0470 002325 (v02 VBOX   VBOXBIOS 00000002 INTL 20100528)
[    0.000000] ACPI: FACS 0x000000003FFF0200 000040
[    0.000000] ACPI: FACS 0x000000003FFF0200 000040
[    0.000000] ACPI: APIC 0x000000003FFF0240 00005C (v02 VBOX   VBOXAPIC 00000001 ASL  00000061)
[    0.000000] ACPI: SSDT 0x000000003FFF02A0 0001CC (v01 VBOX   VBOXCPUT 00000002 INTL 20100528)
[    0.000000] No NUMA configuration found
[    0.000000] Faking a node at [mem 0x0000000000000000-0x000000003ffeffff]
[    0.000000] NODE_DATA(0) allocated [mem 0x3ffc5000-0x3ffeffff]
[    0.000000] kvm-clock: cpu 0, msr 0:3ff44001, primary cpu clock
[    0.000000] kvm-clock: Using msrs 4b564d01 and 4b564d00
[    0.000000] kvm-clock: using sched offset of 5307323995 cycles
[    0.000000] clocksource: kvm-clock: mask: 0xffffffffffffffff max_cycles: 0x1cd42e4dffb, max_idle_ns: 881590591483 ns
[    0.000000] Zone ranges:
[    0.000000]   DMA      [mem 0x0000000000001000-0x0000000000ffffff]
[    0.000000]   DMA32    [mem 0x0000000001000000-0x000000003ffeffff]
[    0.000000]   Normal   empty
[    0.000000]   Device   empty
[    0.000000] Movable zone start for each node
[    0.000000] Early memory node ranges
[    0.000000]   node   0: [mem 0x0000000000001000-0x000000000009efff]
[    0.000000]   node   0: [mem 0x0000000000100000-0x000000003ffeffff]
[    0.000000] Reserved but unavailable: 98 pages
[    0.000000] Initmem setup node 0 [mem 0x0000000000001000-0x000000003ffeffff]
[    0.000000] ACPI: PM-Timer IO Port: 0x4008
[    0.000000] IOAPIC[0]: apic_id 2, version 32, address 0xfec00000, GSI 0-23
[    0.000000] ACPI: INT_SRC_OVR (bus 0 bus_irq 0 global_irq 2 dfl dfl)
[    0.000000] ACPI: INT_SRC_OVR (bus 0 bus_irq 9 global_irq 9 low level)
[    0.000000] Using ACPI (MADT) for SMP configuration information
[    0.000000] smpboot: Allowing 2 CPUs, 0 hotplug CPUs
[    0.000000] PM: Registered nosave memory: [mem 0x00000000-0x00000fff]
[    0.000000] PM: Registered nosave memory: [mem 0x0009f000-0x0009ffff]
[    0.000000] PM: Registered nosave memory: [mem 0x000a0000-0x000effff]
[    0.000000] PM: Registered nosave memory: [mem 0x000f0000-0x000fffff]
[    0.000000] e820: [mem 0x40000000-0xfebfffff] available for PCI devices
[    0.000000] Booting paravirtualized kernel on KVM
[    0.000000] clocksource: refined-jiffies: mask: 0xffffffff max_cycles: 0xffffffff, max_idle_ns: 7645519600211568 ns
[    0.000000] random: get_random_bytes called from start_kernel+0x99/0x4fd with crng_init=0
[    0.000000] setup_percpu: NR_CPUS:8192 nr_cpumask_bits:2 nr_cpu_ids:2 nr_node_ids:1
[    0.000000] percpu: Embedded 45 pages/cpu s147456 r8192 d28672 u1048576
[    0.000000] PV qspinlock hash table entries: 256 (order: 0, 4096 bytes)
[    0.000000] Built 1 zonelists, mobility grouping on.  Total pages: 257913
[    0.000000] Policy zone: DMA32
[    0.000000] Kernel command line: BOOT_IMAGE=/boot/vmlinuz-4.15.0-88-generic root=LABEL=cloudimg-rootfs ro console=tty1 console=ttyS0
[    0.000000] Memory: 983068K/1048120K available (12300K kernel code, 2481K rwdata, 4264K rodata, 2428K init, 2712K bss, 65052K reserved, 0K cma-reserved)
[    0.000000] SLUB: HWalign=64, Order=0-3, MinObjects=0, CPUs=2, Nodes=1
[    0.000000] Kernel/User page tables isolation: enabled
[    0.000000] ftrace: allocating 39344 entries in 154 pages
[    0.004000] Hierarchical RCU implementation.
[    0.004000] 	RCU restricting CPUs from NR_CPUS=8192 to nr_cpu_ids=2.
[    0.004000] 	Tasks RCU enabled.
[    0.004000] RCU: Adjusting geometry for rcu_fanout_leaf=16, nr_cpu_ids=2
[    0.004000] NR_IRQS: 524544, nr_irqs: 440, preallocated irqs: 16
[    0.004000] Console: colour VGA+ 80x25
[    0.004000] console [tty1] enabled
[    0.004000] console [ttyS0] enabled
[    0.004000] ACPI: Core revision 20170831
[    0.004000] ACPI: 2 ACPI AML tables successfully acquired and loaded
[    0.004000] APIC: Switch to symmetric I/O mode setup
[    0.005493] x2apic enabled
[    0.008012] Switched APIC routing to physical x2apic.
[    0.016000] ..TIMER: vector=0x30 apic1=0 pin1=2 apic2=-1 pin2=-1
[    0.016009] tsc: Detected 1600.000 MHz processor
[    0.020086] Calibrating delay loop (skipped) preset value.. 3200.00 BogoMIPS (lpj=6400000)
[    0.024095] pid_max: default: 32768 minimum: 301
[    0.028165] Security Framework initialized
[    0.032011] Yama: becoming mindful.
[    0.036133] AppArmor: AppArmor initialized
[    0.044110] Dentry cache hash table entries: 131072 (order: 8, 1048576 bytes)
[    0.048477] Inode-cache hash table entries: 65536 (order: 7, 524288 bytes)
[    0.052044] Mount-cache hash table entries: 2048 (order: 2, 16384 bytes)
[    0.056015] Mountpoint-cache hash table entries: 2048 (order: 2, 16384 bytes)
[    0.058066] Last level iTLB entries: 4KB 64, 2MB 8, 4MB 8
[    0.060009] Last level dTLB entries: 4KB 64, 2MB 0, 4MB 0, 1GB 4
[    0.064008] Spectre V1 : Mitigation: usercopy/swapgs barriers and __user pointer sanitization
[    0.068007] Spectre V2 : Mitigation: Full generic retpoline
[    0.072006] Spectre V2 : Spectre v2 / SpectreRSB mitigation: Filling RSB on context switch
[    0.076007] Speculative Store Bypass: Vulnerable
[    0.077614] MDS: Mitigation: Clear CPU buffers
[    0.079242] Freeing SMP alternatives memory: 36K
[    0.192639] APIC calibration not consistent with PM-Timer: 103ms instead of 100ms
[    0.196000] APIC delta adjusted to PM-Timer: 6204304 (6427602)
[    0.196361] smpboot: CPU0: Intel(R) Core(TM) i5-5250U CPU @ 1.60GHz (family: 0x6, model: 0x3d, stepping: 0x4)
[    0.200313] Performance Events: unsupported p6 CPU model 61 no PMU driver, software events only.
[    0.204097] Hierarchical SRCU implementation.
[    0.208137] NMI watchdog: Perf event create on CPU 0 failed with -2
[    0.212011] NMI watchdog: Perf NMI watchdog permanently disabled
[    0.216317] smp: Bringing up secondary CPUs ...
[    0.218760] x86: Booting SMP configuration:
[    0.220005] .... node  #0, CPUs:      #1
[    0.004000] kvm-clock: cpu 1, msr 0:3ff44041, secondary cpu clock
[    0.224061] smp: Brought up 1 node, 2 CPUs
[    0.225181] smpboot: Max logical packages: 1
[    0.228022] smpboot: Total of 2 processors activated (6400.00 BogoMIPS)
[    0.231025] devtmpfs: initialized
[    0.232060] x86/mm: Memory block size: 128MB
[    0.233724] evm: security.selinux
[    0.234848] evm: security.SMACK64
[    0.236008] evm: security.SMACK64EXEC
[    0.237120] evm: security.SMACK64TRANSMUTE
[    0.238213] evm: security.SMACK64MMAP
[    0.240014] evm: security.apparmor
[    0.242604] evm: security.ima
[    0.243714] evm: security.capability
[    0.244161] clocksource: jiffies: mask: 0xffffffff max_cycles: 0xffffffff, max_idle_ns: 7645041785100000 ns
[    0.246723] futex hash table entries: 512 (order: 3, 32768 bytes)
[    0.249741] pinctrl core: initialized pinctrl subsystem
[    0.252342] RTC time: 14:59:27, date: 04/16/20
[    0.256155] NET: Registered protocol family 16
[    0.257767] audit: initializing netlink subsys (disabled)
[    0.259377] audit: type=2000 audit(1587049173.352:1): state=initialized audit_enabled=0 res=1
[    0.260101] cpuidle: using governor ladder
[    0.264033] cpuidle: using governor menu
[    0.268157] ACPI: bus type PCI registered
[    0.269872] acpiphp: ACPI Hot Plug PCI Controller Driver version: 0.5
[    0.272142] PCI: Using configuration type 1 for base access
[    0.277410] HugeTLB registered 2.00 MiB page size, pre-allocated 0 pages
[    0.280144] ACPI: Added _OSI(Module Device)
[    0.284015] ACPI: Added _OSI(Processor Device)
[    0.288012] ACPI: Added _OSI(3.0 _SCP Extensions)
[    0.289845] ACPI: Added _OSI(Processor Aggregator Device)
[    0.292011] ACPI: Added _OSI(Linux-Dell-Video)
[    0.293328] ACPI: Added _OSI(Linux-Lenovo-NV-HDMI-Audio)
[    0.295107] ACPI: Added _OSI(Linux-HPI-Hybrid-Graphics)
[    0.296710] ACPI: Executed 1 blocks of module-level executable AML code
[    0.305619] ACPI: Interpreter enabled
[    0.308023] ACPI: (supports S0 S5)
[    0.309096] ACPI: Using IOAPIC for interrupt routing
[    0.311020] PCI: Using host bridge windows from ACPI; if necessary, use "pci=nocrs" and report a bug
[    0.312250] ACPI: Enabled 2 GPEs in block 00 to 07
[    0.332800] ACPI: PCI Root Bridge [PCI0] (domain 0000 [bus 00-ff])
[    0.334730] acpi PNP0A03:00: _OSC: OS supports [ASPM ClockPM Segments MSI]
[    0.336631] acpi PNP0A03:00: _OSC: not requesting OS control; OS requires [ExtendedConfig ASPM ClockPM MSI]
[    0.340019] acpi PNP0A03:00: fail to add MMCONFIG information, can't access extended PCI configuration space under this bridge.
[    0.344836] PCI host bridge to bus 0000:00
[    0.346021] pci_bus 0000:00: root bus resource [io  0x0000-0x0cf7 window]
[    0.348007] pci_bus 0000:00: root bus resource [io  0x0d00-0xffff window]
[    0.350899] pci_bus 0000:00: root bus resource [mem 0x000a0000-0x000bffff window]
[    0.352010] pci_bus 0000:00: root bus resource [mem 0x40000000-0xfdffffff window]
[    0.356016] pci_bus 0000:00: root bus resource [bus 00-ff]
[    0.360787] pci 0000:00:01.1: legacy IDE quirk: reg 0x10: [io  0x01f0-0x01f7]
[    0.362465] pci 0000:00:01.1: legacy IDE quirk: reg 0x14: [io  0x03f6]
[    0.364009] pci 0000:00:01.1: legacy IDE quirk: reg 0x18: [io  0x0170-0x0177]
[    0.368012] pci 0000:00:01.1: legacy IDE quirk: reg 0x1c: [io  0x0376]
[    0.412747] pci 0000:00:07.0: quirk: [io  0x4000-0x403f] claimed by PIIX4 ACPI
[    0.416045] pci 0000:00:07.0: quirk: [io  0x4100-0x410f] claimed by PIIX4 SMB
[    0.439002] ACPI: PCI Interrupt Link [LNKA] (IRQs 5 9 10 *11)
[    0.440828] ACPI: PCI Interrupt Link [LNKB] (IRQs 5 9 *10 11)
[    0.443072] ACPI: PCI Interrupt Link [LNKC] (IRQs 5 *9 10 11)
[    0.444219] ACPI: PCI Interrupt Link [LNKD] (IRQs 5 9 10 *11)
[    0.448666] SCSI subsystem initialized
[    0.452093] pci 0000:00:02.0: vgaarb: setting as boot VGA device
[    0.454393] pci 0000:00:02.0: vgaarb: VGA device added: decodes=io+mem,owns=io+mem,locks=none
[    0.456012] pci 0000:00:02.0: vgaarb: bridge control possible
[    0.460014] vgaarb: loaded
[    0.464451] ACPI: bus type USB registered
[    0.468104] usbcore: registered new interface driver usbfs
[    0.469896] usbcore: registered new interface driver hub
[    0.472045] usbcore: registered new device driver usb
[    0.473356] EDAC MC: Ver: 3.0.0
[    0.476686] PCI: Using ACPI for IRQ routing
[    0.481001] NetLabel: Initializing
[    0.484012] NetLabel:  domain hash size = 128
[    0.488006] NetLabel:  protocols = UNLABELED CIPSOv4 CALIPSO
[    0.489371] NetLabel:  unlabeled traffic allowed by default
[    0.493644] clocksource: Switched to clocksource kvm-clock
[    0.788219] VFS: Disk quotas dquot_6.6.0
[    0.789649] VFS: Dquot-cache hash table entries: 512 (order 0, 4096 bytes)
[    0.807074] AppArmor: AppArmor Filesystem Enabled
[    0.812365] pnp: PnP ACPI init
[    0.815463] pnp: PnP ACPI: found 3 devices
[    0.835214] clocksource: acpi_pm: mask: 0xffffff max_cycles: 0xffffff, max_idle_ns: 2085701024 ns
[    0.838136] NET: Registered protocol family 2
[    0.839632] TCP established hash table entries: 8192 (order: 4, 65536 bytes)
[    0.848280] TCP bind hash table entries: 8192 (order: 5, 131072 bytes)
[    0.855269] TCP: Hash tables configured (established 8192 bind 8192)
[    0.857294] UDP hash table entries: 512 (order: 2, 16384 bytes)
[    0.862157] UDP-Lite hash table entries: 512 (order: 2, 16384 bytes)
[    0.864342] NET: Registered protocol family 1
[    0.865348] pci 0000:00:00.0: Limiting direct PCI/PCI transfers
[    0.867054] pci 0000:00:01.0: Activating ISA DMA hang workarounds
[    0.868974] pci 0000:00:02.0: Video device with shadowed ROM at [mem 0x000c0000-0x000dffff]
[    0.871124] Unpacking initramfs...
[    1.982563] Freeing initrd memory: 19204K
[    1.985365] clocksource: tsc: mask: 0xffffffffffffffff max_cycles: 0x171024fa93b, max_idle_ns: 440795253189 ns
[    1.989995] platform rtc_cmos: registered platform RTC device (no PNP device found)
[    2.006107] Scanning for low memory corruption every 60 seconds
[    2.012712] Initialise system trusted keyrings
[    2.015745] Key type blacklist registered
[    2.019211] workingset: timestamp_bits=36 max_order=18 bucket_order=0
[    2.030620] zbud: loaded
[    2.034025] squashfs: version 4.0 (2009/01/31) Phillip Lougher
[    2.039398] fuse init (API version 7.26)
[    2.066080] Key type asymmetric registered
[    2.068310] Asymmetric key parser 'x509' registered
[    2.071014] Block layer SCSI generic (bsg) driver version 0.4 loaded (major 246)
[    2.081957] io scheduler noop registered
[    2.085145] io scheduler deadline registered
[    2.087206] io scheduler cfq registered (default)
[    2.096082] ACPI: AC Adapter [AC] (off-line)
[    2.105676] input: Power Button as /devices/LNXSYSTM:00/LNXPWRBN:00/input/input0
[    2.118238] ACPI: Power Button [PWRF]
[    2.121016] input: Sleep Button as /devices/LNXSYSTM:00/LNXSLPBN:00/input/input1
[    2.123114] ACPI: Sleep Button [SLPF]
[    2.133932] ACPI: Battery Slot [BAT0] (battery present)
[    2.136303] Serial: 8250/16550 driver, 32 ports, IRQ sharing enabled
[    2.168923] 00:02: ttyS0 at I/O 0x3f8 (irq = 4, base_baud = 115200) is a 16550A
[    2.187852] Linux agpgart interface v0.103
[    2.200836] loop: module loaded
[    2.203768] scsi host0: ata_piix
[    2.206502] scsi host1: ata_piix
[    2.210499] ata1: PATA max UDMA/33 cmd 0x1f0 ctl 0x3f6 bmdma 0xd000 irq 14
[    2.214291] ata2: PATA max UDMA/33 cmd 0x170 ctl 0x376 bmdma 0xd008 irq 15
[    2.216970] libphy: Fixed MDIO Bus: probed
[    2.218984] tun: Universal TUN/TAP device driver, 1.6
[    2.221966] PPP generic driver version 2.4.2
[    2.223763] ehci_hcd: USB 2.0 'Enhanced' Host Controller (EHCI) Driver
[    2.230953] ehci-pci: EHCI PCI platform driver
[    2.232589] ehci-platform: EHCI generic platform driver
[    2.236049] ohci_hcd: USB 1.1 'Open' Host Controller (OHCI) Driver
[    2.238975] ohci-pci: OHCI PCI platform driver
[    2.244486] ohci-platform: OHCI generic platform driver
[    2.246478] uhci_hcd: USB Universal Host Controller Interface driver
[    2.250781] i8042: PNP: PS/2 Controller [PNP0303:PS2K,PNP0f03:PS2M] at 0x60,0x64 irq 1,12
[    2.254410] serio: i8042 KBD port at 0x60,0x64 irq 1
[    2.255553] serio: i8042 AUX port at 0x60,0x64 irq 12
[    2.263960] mousedev: PS/2 mouse device common for all mice
[    2.272974] input: AT Translated Set 2 keyboard as /devices/platform/i8042/serio0/input/input2
[    2.280125] rtc_cmos rtc_cmos: rtc core: registered rtc_cmos as rtc0
[    2.287096] rtc_cmos rtc_cmos: alarms up to one day, 114 bytes nvram
[    2.288722] i2c /dev entries driver
[    2.290037] device-mapper: uevent: version 1.0.3
[    2.298337] device-mapper: ioctl: 4.37.0-ioctl (2017-09-20) initialised: dm-devel@redhat.com
[    2.304966] ledtrig-cpu: registered to indicate activity on CPUs
[    2.314546] NET: Registered protocol family 10
[    2.336119] Segment Routing with IPv6
[    2.339182] NET: Registered protocol family 17
[    2.345874] Key type dns_resolver registered
[    2.348488] mce: Using 0 MCE banks
[    2.350825] RAS: Correctable Errors collector initialized.
[    2.353165] sched_clock: Marking stable (2353115987, 0)->(2890385951, -537269964)
[    2.356373] registered taskstats version 1
[    2.363007] Loading compiled-in X.509 certificates
[    2.369985] Loaded X.509 cert 'Build time autogenerated kernel key: f0020782f0d3a548186fb3f47aed88387a71e859'
[    2.372474] zswap: loaded using pool lzo/zbud
[    2.464492] Key type big_key registered
[    2.466047] Key type trusted registered
[    2.484765] Key type encrypted registered
[    2.487866] AppArmor: AppArmor sha1 policy hashing enabled
[    2.489726] ima: No TPM chip found, activating TPM-bypass! (rc=-19)
[    2.501297] ima: Allocated hash algorithm: sha1
[    2.503742] evm: HMAC attrs: 0x1
[    2.505203]   Magic number: 0:118:991
[    2.506342] rtc_cmos rtc_cmos: setting system clock to 2020-04-16 14:59:29 UTC (1587049169)
[    2.518459] BIOS EDD facility v0.16 2004-Jun-25, 0 devices found
[    2.520968] EDD information not available.
[    2.543557] Freeing unused kernel image memory: 2428K
[    2.568361] Write protecting the kernel read-only data: 20480k
[    2.582929] Freeing unused kernel image memory: 2008K
[    2.611279] Freeing unused kernel image memory: 1880K
[    2.667895] x86/mm: Checked W+X mappings: passed, no W+X pages found.
[    2.672081] x86/mm: Checking user space page tables
[    2.739115] x86/mm: Checked W+X mappings: passed, no W+X pages found.
Loading, please wait...
starting version 237
[    3.299785] e1000: Intel(R) PRO/1000 Network Driver - version 7.3.21-k8-NAPI
[    3.306641] e1000: Copyright (c) 1999-2006 Intel Corporation.
[    3.339122] Fusion MPT base driver 3.04.20
[    3.369798] Copyright (c) 1999-2008 LSI Corporation
[    3.611413] AVX2 version of gcm_enc/dec engaged.
[    3.617762] AES CTR mode by8 optimization enabled
[    3.655959] Fusion MPT SPI Host driver 3.04.20
[    3.877488] input: ImExPS/2 Generic Explorer Mouse as /devices/platform/i8042/serio1/input/input4
[    4.956649] e1000 0000:00:03.0 eth0: (PCI:33MHz:32-bit) 02:63:41:f1:0e:ed
[    4.966931] e1000 0000:00:03.0 eth0: Intel(R) PRO/1000 Network Connection
[    4.977446] mptbase: ioc0: Initiating bringup
[    4.980275] e1000 0000:00:03.0 enp0s3: renamed from eth0
[    5.092541] ioc0: LSI53C1030 A0: Capabilities={Initiator}
[    5.335719] scsi host2: ioc0: LSI53C1030 A0, FwRev=00000000h, Ports=1, MaxQ=256, IRQ=20
[    5.516449] scsi 2:0:0:0: Direct-Access     VBOX     HARDDISK         1.0  PQ: 0 ANSI: 5
[    5.548495] scsi target2:0:0: Beginning Domain Validation
[    5.553721] scsi target2:0:0: Domain Validation skipping write tests
[    5.555590] scsi target2:0:0: Ending Domain Validation
[    5.558102] scsi target2:0:0: asynchronous
[    5.563275] scsi 2:0:1:0: Direct-Access     VBOX     HARDDISK         1.0  PQ: 0 ANSI: 5
[    5.596058] scsi target2:0:1: Beginning Domain Validation
[    5.599193] random: fast init done
[    5.604187] scsi target2:0:1: Domain Validation skipping write tests
[    5.605637] scsi target2:0:1: Ending Domain Validation
[    5.608886] scsi target2:0:1: asynchronous
[    5.670306] random: systemd-udevd: uninitialized urandom read (16 bytes read)
[    5.675676] random: systemd-udevd: uninitialized urandom read (16 bytes read)
[    5.680782] random: systemd-udevd: uninitialized urandom read (16 bytes read)
[    5.686474] sd 2:0:0:0: [sda] 20971520 512-byte logical blocks: (10.7 GB/10.0 GiB)
[    5.699890] sd 2:0:0:0: Attached scsi generic sg0 type 0
[    5.712325] sd 2:0:0:0: [sda] Write Protect is off
[    5.715002] sd 2:0:1:0: Attached scsi generic sg1 type 0
[    5.715288] sd 2:0:1:0: [sdb] 20480 512-byte logical blocks: (10.5 MB/10.0 MiB)
[    5.725095] sd 2:0:1:0: [sdb] Write Protect is off
[    5.727652] sd 2:0:0:0: [sda] Incomplete mode parameter data
[    5.731068] sd 2:0:0:0: [sda] Assuming drive cache: write through
[    5.734730] sd 2:0:1:0: [sdb] Incomplete mode parameter data
[    5.736763] sd 2:0:1:0: [sdb] Assuming drive cache: write through
[    5.745043]  sda: sda1
[    5.748598] sd 2:0:1:0: [sdb] Attached SCSI disk
[    5.750662] sd 2:0:0:0: [sda] Attached SCSI disk
Begin: Loading essential drivers ... [    7.628238] raid6: sse2x1   gen()  4814 MB/s
[    7.676262] raid6: sse2x1   xor()  4003 MB/s
[    7.732167] raid6: sse2x2   gen()  7464 MB/s
[    7.780125] raid6: sse2x2   xor()  4903 MB/s
[    7.828137] raid6: sse2x4   gen()  8050 MB/s
[    7.876345] raid6: sse2x4   xor()  5818 MB/s
[    7.924801] raid6: avx2x1   gen() 12730 MB/s
[    7.980070] raid6: avx2x1   xor()  7979 MB/s
[    8.028169] raid6: avx2x2   gen() 14031 MB/s
[    8.076303] raid6: avx2x2   xor()  8218 MB/s
[    8.128408] raid6: avx2x4   gen() 12104 MB/s
[    8.176611] raid6: avx2x4   xor()  4803 MB/s
[    8.185418] raid6: using algorithm avx2x2 gen() 14031 MB/s
[    8.190365] raid6: .... xor() 8218 MB/s, rmw enabled
[    8.197712] raid6: using avx2x2 recovery algorithm
[    8.204579] xor: automatically using best checksumming function   avx       
[    8.218069] async_tx: api initialized (async)
done.
Begin: Running /scripts/init-premount ... done.
Begin: Mounting root file system ... Begin: Running /scripts/local-top ... done.
Begin: Running /scripts/local-premount ... [    8.365447] Btrfs loaded, crc32c=crc32c-intel
Scanning for Btrfs filesystems
done.
Warning: fsck not present, so skipping root file system
[    8.439471] EXT4-fs (sda1): mounted filesystem with ordered data mode. Opts: (null)
done.
Begin: Running /scripts/local-bottom ... done.
Begin: Running /scripts/init-bottom ... done.
[    8.754180] ip_tables: (C) 2000-2006 Netfilter Core Team
[    8.784210] systemd[1]: systemd 237 running in system mode. (+PAM +AUDIT +SELINUX +IMA +APPARMOR +SMACK +SYSVINIT +UTMP +LIBCRYPTSETUP +GCRYPT +GNUTLS +ACL +XZ +LZ4 +SECCOMP +BLKID +ELFUTILS +KMOD -IDN2 +IDN -PCRE2 default-hierarchy=hybrid)
[    8.790121] systemd[1]: Detected virtualization oracle.
[    8.793697] systemd[1]: Detected architecture x86-64.

Welcome to [1mUbuntu 18.04.4 LTS[0m!

[    8.995623] systemd[1]: Set hostname to <ubuntu>.
[    9.004642] systemd[1]: Initializing machine ID from random generator.
[    9.006350] systemd[1]: Installed transient /etc/machine-id file.
[    9.711405] systemd[1]: Reached target System Time Synchronized.
[[0;32m  OK  [0m] Reached target System Time Synchronized.
[    9.715382] systemd[1]: Set up automount Arbitrary Executable File Formats File System Automount Point.
[[0;32m  OK  [0m] Set up automount Arbitrary Executabâ€¦rmats File System Automount Point.
[    9.997790] systemd[1]: Created slice System Slice.
[[0;32m  OK  [0m] Created slice System Slice.
[   10.000601] systemd[1]: Listening on Journal Socket (/dev/log).
[[0;32m  OK  [0m] Listening on Journal Socket (/dev/log).
[[0;32m  OK  [0m] Listening on Syslog Socket.
[[0;32m  OK  [0m] Listening on Network Service Netlink Socket.
[[0;32m  OK  [0m] Listening on udev Control Socket.
[[0;32m  OK  [0m] Listening on LVM2 poll daemon socket.
[[0;32m  OK  [0m] Listening on Journal Audit Socket.
[[0;32m  OK  [0m] Created slice User and Session Slice.
[[0;32m  OK  [0m] Reached target User and Group Name Lookups.
[[0;32m  OK  [0m] Listening on LVM2 metadata daemon socket.
[[0;32m  OK  [0m] Reached target Slices.
[[0;32m  OK  [0m] Reached target Swap.
[[0;32m  OK  [0m] Listening on Device-mapper event daemon FIFOs.
[[0;32m  OK  [0m] Listening on udev Kernel Socket.
[[0;32m  OK  [0m] Started Forward Password Requests to Wall Directory Watch.
[[0;32m  OK  [0m] Created slice system-serial\x2dgetty.slice.
[[0;32m  OK  [0m] Listening on Journal Socket.
         Mounting Huge Pages File System...
         Starting Remount Root and Kernel File Systems...
         Starting Uncomplicated firewall...
         Starting Monitoring of LVM2 mirrorsâ€¦ng dmeventd or progress polling...
         Starting Set the console keyboard layout...
[   10.259935] EXT4-fs (sda1): re-mounted. Opts: (null)
         Starting Journal Service...
         Mounting Kernel Debug File System...
         Starting Load Kernel Modules...
         Mounting POSIX Message Queue File System...
         Starting Create list of required stâ€¦ce nodes for the current kernel...
[[0;32m  OK  [0m] Listening on /dev/initctl Compatibility Named Pipe.
[   10.313439] Loading iSCSI transport class v2.0-870.
         Starting udev Coldplug all Devices...
[[0;32m  OK  [0m] Mounted Huge Pages File System.
[[0;32m  OK  [0m] Started Remount Root and Kernel File Systems.
[[0;32m  OK  [0m] Started Uncomplicated firewall.
[   10.332382] iscsi: registered transport (tcp)
[[0;32m  OK  [0m] Mounted Kernel Debug File System.
[[0;32m  OK  [0m] Mounted POSIX Message Queue File System.
[[0;32m  OK  [0m] Started LVM2 metadata daemon.
         Starting Load/Save Random Seed...
[[0;32m  OK  [0m] Started Journal Service.
[[0;32m  OK  [0m] Started Create list of required staâ€¦vice nodes for the current kernel.
         Starting Create Static Device Nodes in /dev...
         Starting Flush Journal to Persistent Storage...
[[0;32m  OK  [0m] Started Load/Save Random Seed.
[   10.523363] systemd-journald[394]: Received request to flush runtime journal from PID 1
[   10.540404] iscsi: registered transport (iser)
[[0;32m  OK  [0m] Started Load Kernel Modules.
[[0;32m  OK  [0m] Started Monitoring of LVM2 mirrors,â€¦sing dmeventd or progress polling.
         Mounting Kernel Configuration File System...
         Starting Apply Kernel Variables...
         Mounting FUSE Control File System...
[[0;32m  OK  [0m] Started Set the console keyboard layout.
[[0;32m  OK  [0m] Started udev Coldplug all Devices.
[[0;32m  OK  [0m] Mounted Kernel Configuration File System.
[[0;32m  OK  [0m] Mounted FUSE Control File System.
[[0;32m  OK  [0m] Started Flush Journal to Persistent Storage.
[[0;32m  OK  [0m] Started Create Static Device Nodes in /dev.
         Starting udev Kernel Device Manager...
[[0;32m  OK  [0m] Reached target Local File Systems (Pre).
[[0;32m  OK  [0m] Reached target Local File Systems.
         Starting AppArmor initialization...
         Starting ebtables ruleset management...
         Starting Set console font and keymap...
         Starting Tell Plymouth To Write Out Runtime Data...
         Starting Commit a transient machine-id on disk...
         Starting Create Volatile Files and Directories...
[[0;32m  OK  [0m] Started Apply Kernel Variables.
[[0;32m  OK  [0m] Started Tell Plymouth To Write Out Runtime Data.
[[0;32m  OK  [0m] Started Set console font and keymap.
[[0;32m  OK  [0m] Started Commit a transient machine-id on disk.
[[0;32m  OK  [0m] Started Create Volatile Files and Directories.
         Starting Update UTMP about System Boot/Shutdown...
[[0;32m  OK  [0m] Started Update UTMP about System Boot/Shutdown.
[[0;32m  OK  [0m] Started udev Kernel Device Manager.
[[0;32m  OK  [0m] Started Dispatch Password Requests to Console Directory Watch.
[[0;32m  OK  [0m] Reached target Local Encrypted Volumes.
[[0;32m  OK  [0m] Started ebtables ruleset management.
[[0;32m  OK  [0m] Found device /dev/ttyS0.
[[0;32m  OK  [0m] Listening on Load/Save RF Kill Switch Status /dev/rfkill Watch.
[[0;32m  OK  [0m] Started AppArmor initialization.
         Starting Initial cloud-init job (pre-networking)...
[   17.119945] cloud-init[543]: Cloud-init v. 19.4-33-gbb4131a2-0ubuntu1~18.04.1 running 'init-local' at Thu, 16 Apr 2020 14:59:43 +0000. Up 16.17 seconds.
[[0;32m  OK  [0m] Started Initial cloud-init job (pre-networking).
[[0;32m  OK  [0m] Reached target Network (Pre).
         Starting Network Service...
[[0;32m  OK  [0m] Started Network Service.
         Starting Network Name Resolution...
         Starting Wait for Network to be Configured...
[[0;32m  OK  [0m] Started Network Name Resolution.
[[0;32m  OK  [0m] Reached target Host and Network Name Lookups.
[[0;32m  OK  [0m] Reached target Network.
[[0;32m  OK  [0m] Started Wait for Network to be Configured.
         Starting Initial cloud-init job (metadata service crawler)...
[   20.962081] cloud-init[652]: Cloud-init v. 19.4-33-gbb4131a2-0ubuntu1~18.04.1 running 'init' at Thu, 16 Apr 2020 14:59:47 +0000. Up 20.67 seconds.
[   20.967067] cloud-init[652]: ci-info: +++++++++++++++++++++++++++++++++++++Net device info++++++++++++++++++++++++++++++++++++++
[   20.980683] cloud-init[652]: ci-info: +--------+------+---------------------------+---------------+--------+-------------------+
[   20.984999] cloud-init[652]: ci-info: | Device |  Up  |          Address          |      Mask     | Scope  |     Hw-Address    |
[   20.988570] cloud-init[652]: ci-info: +--------+------+---------------------------+---------------+--------+-------------------+
[   20.999188] cloud-init[652]: ci-info: | enp0s3 | True |         10.0.2.15         | 255.255.255.0 | global | 02:63:41:f1:0e:ed |
[   21.002184] cloud-init[652]: ci-info: | enp0s3 | True | fe80::63:41ff:fef1:eed/64 |       .       |  link  | 02:63:41:f1:0e:ed |
[   21.006755] cloud-init[652]: ci-info: |   lo   | True |         127.0.0.1         |   255.0.0.0   |  host  |         .         |
[   21.016278] cloud-init[652]: ci-info: |   lo   | True |          ::1/128          |       .       |  host  |         .         |
[   21.019778] cloud-init[652]: ci-info: +--------+------+---------------------------+---------------+--------+-------------------+
[   21.022857] cloud-init[652]: ci-info: ++++++++++++++++++++++++++++Route IPv4 info+++++++++++++++++++++++++++++
[   21.025822] cloud-init[652]: ci-info: +-------+-------------+----------+-----------------+-----------+-------+
[   21.048578] cloud-init[652]: ci-info: | Route | Destination | Gateway  |     Genmask     | Interface | Flags |
[   21.064945] cloud-init[652]: ci-info: +-------+-------------+----------+-----------------+-----------+-------+
[   21.073355] cloud-init[652]: ci-info: |   0   |   0.0.0.0   | 10.0.2.2 |     0.0.0.0     |   enp0s3  |   UG  |
[   21.084361] cloud-init[652]: ci-info: |   1   |   10.0.2.0  | 0.0.0.0  |  255.255.255.0  |   enp0s3  |   U   |
[   21.087813] cloud-init[652]: ci-info: |   2   |   10.0.2.2  | 0.0.0.0  | 255.255.255.255 |   enp0s3  |   UH  |
[   21.096507] cloud-init[652]: ci-info: +-------+-------------+----------+-----------------+-----------+-------+
[   21.102744] cloud-init[652]: ci-info: +++++++++++++++++++Route IPv6 info+++++++++++++++++++
[   21.106283] cloud-init[652]: ci-info: +-------+-------------+---------+-----------+-------+
[   21.113379] cloud-init[652]: ci-info: | Route | Destination | Gateway | Interface | Flags |
[   21.118905] cloud-init[652]: ci-info: +-------+-------------+---------+-----------+-------+
[   21.121743] cloud-init[652]: ci-info: |   1   |  fe80::/64  |    ::   |   enp0s3  |   U   |
[   21.124441] cloud-init[652]: ci-info: |   3   |    local    |    ::   |   enp0s3  |   U   |
[   21.137782] cloud-init[652]: ci-info: |   4   |   ff00::/8  |    ::   |   enp0s3  |   U   |
[   21.141086] cloud-init[652]: ci-info: +-------+-------------+---------+-----------+-------+
[   22.888975] cloud-init[652]: Generating public/private rsa key pair.
[   22.900674] cloud-init[652]: Your identification has been saved in /etc/ssh/ssh_host_rsa_key.
[   22.912714] cloud-init[652]: Your public key has been saved in /etc/ssh/ssh_host_rsa_key.pub.
[   22.921141] cloud-init[652]: The key fingerprint is:
[   22.933261] cloud-init[652]: SHA256:FPqSTt8mEAM9FGsdF8ICG/3u5CFo9pyoGaZPjmnyodY root@ubuntu-bionic
[   22.936819] cloud-init[652]: The key's randomart image is:
[   22.938528] cloud-init[652]: +---[RSA 2048]----+
[   22.940505] cloud-init[652]: |    +=oo+ o.     |
[   22.952812] cloud-init[652]: |     +=+.=       |
[   22.964868] cloud-init[652]: |    . *+o        |
[   22.967362] cloud-init[652]: |     . *.        |
[   22.989239] cloud-init[652]: |     .=.S        |
[   23.004870] cloud-init[652]: |    +o.++.       |
[   23.007674] cloud-init[652]: |  *o +.*o.o      |
[   23.009251] cloud-init[652]: |.@ E. + oo       |
[   23.023125] cloud-init[652]: |Oo*.             |
[   23.024718] cloud-init[652]: +----[SHA256]-----+
[   23.035874] cloud-init[652]: Generating public/private dsa key pair.
[   23.037737] cloud-init[652]: Your identification has been saved in /etc/ssh/ssh_host_dsa_key.
[   23.056557] cloud-init[652]: Your public key has been saved in /etc/ssh/ssh_host_dsa_key.pub.
[   23.070460] cloud-init[652]: The key fingerprint is:
[   23.072339] cloud-init[652]: SHA256:CgYtLheaRoaXukEuwmO4uOO9CWXlWCFsDDdxgNa4eIk root@ubuntu-bionic
[   23.085521] cloud-init[652]: The key's randomart image is:
[   23.088656] cloud-init[652]: +---[DSA 1024]----+
[   23.090029] cloud-init[652]: | .B*oo           |
[   23.100892] cloud-init[652]: |.+.B+ .          |
[   23.120192] cloud-init[652]: |+=O..o           |
[   23.137999] cloud-init[652]: |EBo+=            |
[   23.139950] cloud-init[652]: |XBo+o.  S        |
[   23.148824] cloud-init[652]: |**+. . .         |
[   23.150775] cloud-init[652]: |+.    .          |
[   23.165460] cloud-init[652]: |..o .            |
[   23.167919] cloud-init[652]: |oo +.            |
[   23.173268] cloud-init[652]: +----[SHA256]-----+
[   23.179864] cloud-init[652]: Generating public/private ecdsa key pair.
[   23.184119] cloud-init[652]: Your identification has been saved in /etc/ssh/ssh_host_ecdsa_key.
[   23.187027] cloud-init[652]: Your public key has been saved in /etc/ssh/ssh_host_ecdsa_key.pub.
[   23.190365] cloud-init[652]: The key fingerprint is:
[   23.201724] cloud-init[652]: SHA256:e6Jq9G+IhsKx7eqh4PIrfxJzhlIrZ4ksAOtvXhgmqnQ root@ubuntu-bionic
[   23.206453] cloud-init[652]: The key's randomart image is:
[   23.208947] cloud-init[652]: +---[ECDSA 256]---+
[   23.219452] cloud-init[652]: |                 |
[   23.221539] cloud-init[652]: |.                |
[   23.223027] cloud-init[652]: |..               |
[   23.236980] cloud-init[652]: |o .              |
[   23.239194] cloud-init[652]: |++ *    S        |
[   23.240676] cloud-init[652]: |*+@ *    .       |
[   23.243444] cloud-init[652]: |=B=E + .o .      |
[   23.249228] cloud-init[652]: |Xo=+* o..o       |
[   23.251376] cloud-init[652]: |=OOO...o.        |
[   23.264926] cloud-init[652]: +----[SHA256]-----+
[   23.281348] cloud-init[652]: Generating public/private ed25519 key pair.
[   23.284052] cloud-init[652]: Your identification has been saved in /etc/ssh/ssh_host_ed25519_key.
[   23.288667] cloud-init[652]: Your public key has been saved in /etc/ssh/ssh_host_ed25519_key.pub.
[   23.290103] cloud-init[652]: The key fingerprint is:
[   23.291321] cloud-init[652]: SHA256:3WiTETsz7U2acbm1EXh9KrJCPNXN+Eb1gsl3tkvgEzU root@ubuntu-bionic
[   23.310304] cloud-init[652]: The key's randomart image is:
[[0;32m  OK  [0m[   23.313864] ] cloud-initStarted Initial cloud-init job (metadata service crawler).[652]: 
+--[ED25519 256]--+
[   23.330386] cloud-init[652]: |          .. +.Eo|
[   23.333691] cloud-init[652]: |          .=o+=o*|
[[0;32m  OK  [0m[   23.336256] cloud-init[652]: |       . .* *=Bo*|
[   23.337434] cloud-init[652]: |        +..XoO**+|
] Reached target Network is Online.
[   23.338055] cloud-init[652]: |       .S.*o==o+ |
[   23.347155] cloud-init[652]: |        ....  o .|
[   23.362929] cloud-init[652]: |         .     . |
[[   23.384597] cloud-init[652]: |                 |
[0;32m  OK  [0m] Reached target Remote File Systems (Pre).
[   23.384915] cloud-init[652]: |                 |
[   23.390305] cloud-init[652]: +----[SHA256]-----+
[[0;32m  OK  [0m] Reached target Remote File Systems.
         Starting Availability of block devices...
[[0;32m  OK  [0m] Reached target System Initialization.
[[0;32m  OK  [0m] Started Message of the Day.
[[0;32m  OK  [0m] Listening on D-Bus System Message Bus Socket.
         Starting Socket activation for snappy daemon.
[[0;32m  OK  [0m] Started Daily apt download activities.
[[0;32m  OK  [0m] Listening on ACPID Listen Socket.
[[0;32m  OK  [0m] Started Daily apt upgrade and clean activities.
[[0;32m  OK  [0m] Listening on UUID daemon activation socket.
[[0;32m  OK  [0m] Started Discard unused blocks once a week.
[[0;32m  OK  [0m] Started Daily Cleanup of Temporary Directories.
[[0;32m  OK  [0m] Reached target Timers.
         Starting LXD - unix socket.
[[0;32m  OK  [0m] Started ACPI Events Check.
[[0;32m  OK  [0m] Reached target Paths.
[[0;32m  OK  [0m] Listening on Open-iSCSI iscsid Socket.
[[0;32m  OK  [0m] Reached target Cloud-config availability.
[[0;32m  OK  [0m] Started Availability of block devices.
[[0;32m  OK  [0m] Listening on Socket activation for snappy daemon.
[[0;32m  OK  [0m] Listening on LXD - unix socket.
[[0;32m  OK  [0m] Reached target Sockets.
[[0;32m  OK  [0m] Reached target Basic System.
[[0;32m  OK  [0m] Started Regular background program processing daemon.
         Starting Dispatcher daemon for systemd-networkd...
[[0;32m  OK  [0m] Started irqbalance daemon.
[[0;32m  OK  [0m] Started FUSE filesystem for LXC.
         Starting System Logging Service...
         Starting Virtualbox guest utils...
         Starting LXD - container startup/shutdown...
         Starting LSB: Record successful boot for GRUB...
         Starting Accounts Service...
         Starting Login Service...
[[0;32m  OK  [0m] Started D-Bus System Message Bus.
         Starting LSB: automatic crash report generation...
[[0;32m  OK  [0m] Started Deferred execution scheduler.
         Starting Pollinate to seed the pseudo random number generator...
         Starting Permit User Sessions...
         Starting Snappy daemon...
[[0;32m  OK  [0m] Started System Logging Service.
[[0;32m  OK  [0m] Started Permit User Sessions.
[[0;32m  OK  [0m] Started Login Service.
[[0;32m  OK  [0m] Started LXD - container startup/shutdown.
         Starting Authorization Manager...
[[0;32m  OK  [0m] Started Unattended Upgrades Shutdown.
         Starting Terminate Plymouth Boot Screen...
         Starting Hold until boot process finishes up...
[[0;32m  OK  [0m] Started Terminate Plymouth Boot Screen.
[[0;32m  OK  [0m] Started Hold until boot process finishes up.
         Starting Set console scheme...
[[0;32m  OK  [0m] Started Serial Getty on ttyS0.
[[0;32m  OK  [0m] Started LSB: automatic crash report generation.
[[0;32m  OK  [0m] Started Set console scheme.
[[0;32m  OK  [0m] Created slice system-getty.slice.
[[0;32m  OK  [0m] Started Getty on tty1.
[[0;32m  OK  [0m] Reached target Login Prompts.
[[0;32m  OK  [0m] Started LSB: Record successful boot for GRUB.
[[0;32m  OK  [0m] Started Authorization Manager.
[[0;32m  OK  [0m] Started Accounts Service.
[[0;32m  OK  [0m] Started Virtualbox guest utils.
[[0;32m  OK  [0m] Started Dispatcher daemon for systemd-networkd.
[[0;32m  OK  [0m] Started Snappy daemon.
         Starting Wait until snapd is fully seeded...
[[0;32m  OK  [0m] Started Pollinate to seed the pseudo random number generator.
         Starting OpenBSD Secure Shell server...
[[0;32m  OK  [0m] Started OpenBSD Secure Shell server.
[[0;32m  OK  [0m] Created slice User Slice of vagrant.
         Starting User Manager for UID 1000...
[[0;32m  OK  [0m] Started Session 1 of user vagrant.
[[0;32m  OK  [0m] Started User Manager for UID 1000.
[[0;32m  OK  [0m] Started Wait until snapd is fully seeded.
         Starting Apply the settings specified in cloud-config...
[[0;32m  OK  [0m] Reached target Multi-User System.
[[0;32m  OK  [0m] Reached target Graphical Interface.
         Starting Update UTMP about System Runlevel Changes...
[[0;32m  OK  [0m] Started Update UTMP about System Runlevel Changes.

Ubuntu 18.04.4 LTS ubuntu-bionic ttyS0

ubuntu-bionic login: [   31.759831] cloud-init[1118]: Cloud-init v. 19.4-33-gbb4131a2-0ubuntu1~18.04.1 running 'modules:config' at Thu, 16 Apr 2020 14:59:56 +0000. Up 29.80 seconds.
ci-info: no authorized SSH keys fingerprints found for user ubuntu.
<14>Apr 16 15:00:01 ec2: 
<14>Apr 16 15:00:01 ec2: #############################################################
<14>Apr 16 15:00:01 ec2: -----BEGIN SSH HOST KEY FINGERPRINTS-----
<14>Apr 16 15:00:01 ec2: 1024 SHA256:CgYtLheaRoaXukEuwmO4uOO9CWXlWCFsDDdxgNa4eIk root@ubuntu-bionic (DSA)
<14>Apr 16 15:00:01 ec2: 256 SHA256:e6Jq9G+IhsKx7eqh4PIrfxJzhlIrZ4ksAOtvXhgmqnQ root@ubuntu-bionic (ECDSA)
<14>Apr 16 15:00:01 ec2: 256 SHA256:3WiTETsz7U2acbm1EXh9KrJCPNXN+Eb1gsl3tkvgEzU root@ubuntu-bionic (ED25519)
<14>Apr 16 15:00:01 ec2: 2048 SHA256:FPqSTt8mEAM9FGsdF8ICG/3u5CFo9pyoGaZPjmnyodY root@ubuntu-bionic (RSA)
<14>Apr 16 15:00:01 ec2: -----END SSH HOST KEY FINGERPRINTS-----
<14>Apr 16 15:00:01 ec2: #############################################################
-----BEGIN SSH HOST KEY KEYS-----
ecdsa-sha2-nistp256 AAAAE2VjZHNhLXNoYTItbmlzdHAyNTYAAAAIbmlzdHAyNTYAAABBBAycTFhl7sq4hMfafqNfeyelFum6ouery70v2R3GiuNKhg/I6AUSiPzC0ESjhl5QC09SAXtQSXm59Kff2raUy/k= root@ubuntu-bionic
ssh-ed25519 AAAAC3NzaC1lZDI1NTE5AAAAIH+DqJPfqurZL72hwn6iQVgl20V5u7X2GyyiJtTZjLMh root@ubuntu-bionic
ssh-rsa AAAAB3NzaC1yc2EAAAADAQABAAABAQCa9ozIGBk5qkXkgm0CcYp/EwQB+NdQFhjO9OHNy7yiSNlHf8UrJY1wa9dMWSzfjSQG8u52jYX5HdWRw1qadmpE22WU6cr2ohlP+VBePJvidoAhoI7Exa/DxKTA5uVgWoS05FdM8jXL2O5NORDP2d7zu0qzbm6+SdIGjUOdwvB+4XPz44ZdisxxD7ZTRLcao5+o27GntxgbbidGPau6M40KFRYdehyeDDg93kXVtIH8xS1vwqAp2+iIeeTK7SonIFMSfVuHgmuuyGaSEq7ayEIgpXDduTDFmj9rSPfTOLDZHOYMIGtMDvzpD0UtFQMabfOk1+E0nYbW+rp4kH5hJWyD root@ubuntu-bionic
-----END SSH HOST KEY KEYS-----
[   34.651407] cloud-init[1219]: Cloud-init v. 19.4-33-gbb4131a2-0ubuntu1~18.04.1 running 'modules:final' at Thu, 16 Apr 2020 15:00:01 +0000. Up 34.12 seconds.
[   34.651784] cloud-init[1219]: ci-info: no authorized SSH keys fingerprints found for user ubuntu.
[   34.652921] cloud-init[1219]: Cloud-init v. 19.4-33-gbb4131a2-0ubuntu1~18.04.1 finished at Thu, 16 Apr 2020 15:00:01 +0000. Datasource DataSourceNoCloud [seed=/dev/sdb][dsmode=net].  Up 34.60 seconds
